<?xml version="1.0" encoding="UTF-8"?>
<data>
  <content>
    <DIV class="document_title">자산이동신청</DIV>
    <TABLE cellpadding="0" cellspacing="0" border="0" style="width:750px; ">
      <TR>
        <TD>
          <TABLE style="width:100%; " class="aproutertable">
            <TR>
              <TD style="width:100%; " class="head" colspan="4">반출
										신청</TD>
            </TR>
            <TR>
              <TD class="body">
                <TABLE style="width:100%; " class="aprinnertable">
                  <TR>
                    <TD style="width:22% ; " class="title2">신청서 번호</TD>
                    <TD style="width:78% ; " class="contant" colspan="3">A13202200016</TD>
                  </TR>
                  <TR>
                    <TD style="width:22%; " class="title2">반출 예정일자</TD>
                    <TD style="width:28% ; " class="contant">2022-05-04</TD>
                    <TD style="width:22% ;  " class="title2">반입 예정일자</TD>
                    <TD style="width:28% ;  " class="contant">2022-05-04</TD>
                  </TR>
                </TABLE>
              </TD>
            </TR>
          </TABLE>
          <TABLE style="width:100%; " class="aproutertable">
            <TR>
              <TD style="width:100%; " class="head" colspan="4">반출자정보</TD>
            </TR>
            <TR>
              <TD class="body">
                <TABLE style="width:100%; " class="aprinnertable">
                  <TR>
                    <TD style="width:22%; " class="title2">반출자</TD>
                    <TD style="width:28%; " class="contant">이민기
													[
													130576
													]</TD>
                    <TD style="width:22%; " class="title2">이메일</TD>
                    <TD style="width:28%; " class="contant">mklee@kitech.re.kr</TD>
                  </TR>
                  <TR>
                    <TD class="title2">부서명</TD>
                    <TD class="contant">정보화추진실</TD>
                    <TD class="title2">연락처</TD>
                    <TD class="contant">041-5898-097</TD>
                  </TR>
                  <TR>
                    <TD class="title2">사유</TD>
                    <TD colspan="3" class="contant">ㅌㅅㅌ</TD>
                  </TR>
                </TABLE>
              </TD>
            </TR>
          </TABLE>
          <TABLE style="width:100%; " class="aproutertable">
            <TR>
              <TD class="head" colspan="4">반입정보</TD>
            </TR>
            <TR>
              <TD class="body">
                <TABLE style="width:100%; " class="aprinnertable">
                  <TR>
                    <TD style="width:22%; " class="title2">이동장소</TD>
                    <TD style="width:78%; " class="contant" colspan="3">천안본부동3F313호</TD>
                  </TR>
                </TABLE>
              </TD>
            </TR>
          </TABLE>
          <TABLE style="width:100%; " class="aproutertable">
            <TR>
              <TD class="head" colspan="4">반출
										신청내역</TD>
            </TR>
            <TR>
              <TD class="body" colspan="4">
                <TABLE style="width:100%; " class="aprinnertable">
                  <TR>
                    <TH style="width:3%; " class="title">순번</TH>
                    <TH style="width:8%; " class="title">자산번호</TH>
                    <TH style="width:5%; " class="title">구자산번호</TH>
                    <TH colspan="2" style="width:15%; " class="title">사용자</TH>
                    <TH style="width:8%; " class="title">도입일자</TH>
                    <TH style="width:8%; " class="title">도입금액</TH>
                    <TH style="width:20%; " class="title">품명</TH>
                    <TH style="width:10%; " class="title">설치위치</TH>
                  </TR>
                  <TR>
                    <TD style="width:3%; " class="contant-center">1</TD>
                    <TD style="width:8%; " class="contant-center">A2020090007</TD>
                    <TD style="width:5%; " class="contant-center" />
                    <TD style="width:5%; " class="contant-center">130576</TD>
                    <TD style="width:8%; " class="contant-center">이민기</TD>
                    <TD style="width:8%; " class="contant-center">2020-09-04</TD>
                    <TD style="width:8%; " class="contant-right">2,033,900</TD>
                    <TD style="width:20%; " class="contant">로지텍 MEETUP Set</TD>
                    <TD style="width:10%; " class="contant">천안 본부동 3F 313</TD>
                  </TR>
                  <TR>
                    <TD style="width:3%; " class="contant-center">2</TD>
                    <TD style="width:8%; " class="contant-center">A2020090008</TD>
                    <TD style="width:5%; " class="contant-center" />
                    <TD style="width:5%; " class="contant-center">130576</TD>
                    <TD style="width:8%; " class="contant-center">이민기</TD>
                    <TD style="width:8%; " class="contant-center">2020-09-04</TD>
                    <TD style="width:8%; " class="contant-right">308,000</TD>
                    <TD style="width:20%; " class="contant">로지텍 BCC950</TD>
                    <TD style="width:10%; " class="contant">천안 본부동 3F 313</TD>
                  </TR>
                  <TR>
                    <TD style="width:3%; " class="contant-center">3</TD>
                    <TD style="width:8%; " class="contant-center">A2020090009</TD>
                    <TD style="width:5%; " class="contant-center" />
                    <TD style="width:5%; " class="contant-center">130576</TD>
                    <TD style="width:8%; " class="contant-center">이민기</TD>
                    <TD style="width:8%; " class="contant-center">2020-09-04</TD>
                    <TD style="width:8%; " class="contant-right">308,000</TD>
                    <TD style="width:20%; " class="contant">로지텍 BCC950</TD>
                    <TD style="width:10%; " class="contant">천안 본부동 3F 313</TD>
                  </TR>
                  <TR>
                    <TD style="width:3%; " class="contant-center">4</TD>
                    <TD style="width:8%; " class="contant-center">A2020090010</TD>
                    <TD style="width:5%; " class="contant-center" />
                    <TD style="width:5%; " class="contant-center">130576</TD>
                    <TD style="width:8%; " class="contant-center">이민기</TD>
                    <TD style="width:8%; " class="contant-center">2020-09-04</TD>
                    <TD style="width:8%; " class="contant-right">308,000</TD>
                    <TD style="width:20%; " class="contant">로지텍 BCC950</TD>
                    <TD style="width:10%; " class="contant">천안 본부동 3F 313</TD>
                  </TR>
                  <TR>
                    <TD style="width:3%; " class="contant-center">5</TD>
                    <TD style="width:8%; " class="contant-center">A2020090021</TD>
                    <TD style="width:5%; " class="contant-center" />
                    <TD style="width:5%; " class="contant-center">130576</TD>
                    <TD style="width:8%; " class="contant-center">이민기</TD>
                    <TD style="width:8%; " class="contant-center">2020-09-07</TD>
                    <TD style="width:8%; " class="contant-right">440,000</TD>
                    <TD style="width:20%; " class="contant">화상회의용 카메라</TD>
                    <TD style="width:10%; " class="contant">천안 본부동 3F 313호</TD>
                  </TR>
                </TABLE>
              </TD>
            </TR>
          </TABLE>
        </TD>
      </TR>
    </TABLE>
    <TABLE class="aproutertable" cellspacing="0" cellpadding="0" border="0" width="100%">
      <TR>
        <TD class="head">첨부파일</TD>
      </TR>
      <TR>
        <TD class="body">
          <TABLE class="aprinnertable" cellspacing="0" cellpadding="0" border="0" width="100%" />
        </TD>
      </TR>
    </TABLE>
  </content>
  <title />
  <request />
  <response />
</data>

