<?xml version="1.0" encoding="UTF-8"?>
<data>
  <content>
    <DIV class="document_title">휴복직신청</DIV>
    <TABLE class="aproutertable" cellspacing="0" cellpadding="0" border="0" width="100%">
      <TR>
        <TD class="body">
          <TABLE class="aprinnertable" cellspacing="0" cellpadding="0" border="0" width="100%">
            <TR>
              <TD width="12%" class="title2">부서</TD>
              <TD class="contant">정보화추진실</TD>
              <TD class="title2">직급</TD>
              <TD class="contant">행정원</TD>
            </TR>
            <TR>
              <TD width="12%" class="title2">성명</TD>
              <TD class="contant">이윤민</TD>
              <TD class="title2">개인번호</TD>
              <TD class="contant">160348</TD>
            </TR>
            <TR>
              <TD width="12%" class="title2">신청유형</TD>
              <TD colspan="3" class="contant">육아휴직</TD>
            </TR>
            <TR>
              <TD width="12%" class="title2">휴직기간</TD>
              <TD class="contant">2022-05-18 ~ 2022-05-18</TD>
              <TD class="title2">일수</TD>
              <TD class="contant">1 일</TD>
            </TR>
            <TR>
              <TD width="12%" class="title2">사유</TD>
              <TD colspan="3" class="contant" />
            </TR>
          </TABLE>
        </TD>
      </TR>
    </TABLE>
    <TABLE class="aproutertable" cellspacing="0" cellpadding="0" border="0" width="100%">
      <TR>
        <TD class="head" align="left">첨부파일</TD>
      </TR>
      <TR>
        <TD class="body">
          <TABLE class="aprinnertable" cellspacing="0" cellpadding="0" border="0" width="100%">
            <TR>
              <TD class="contant">
                <A href="javascript:downloadForXsl('H54420220009E01','XAA003')">
                  I0120200031F 오류.jpg
                  <BR />
                </A>
              </TD>
            </TR>
          </TABLE>
        </TD>
      </TR>
    </TABLE>
  </content>
  <title />
  <request />
  <response />
</data>

