<?xml version="1.0" encoding="UTF-8"?>
<data>
  <content>
    <DIV class="document_title">외부강의신고서</DIV>
    <DIV style="color:blue;text-align:right;">누적기준 월3회 이하 시 차상위자 결재를 받아 합니다.</DIV>
    <DIV style="color:blue;text-align:right;">누적기준 월3회 초과 시 외부강의 수행 전 원장님 및 임직원 행동강령책임관 결재를 받아야 합니다.</DIV>
    <TABLE style="margin-bottom:6px; " class="aproutertable" cellspacing="0" cellpadding="0" border="0" width="100%">
      <TR>
        <TD class="body">
          <TABLE class="aprinnertable" cellpadding="0" cellspacing="0" border="0" width="100%">
            <TR>
              <TD class="title2" width="14%">접수번호</TD>
              <TD class="contant" width="43%">C6820220093A</TD>
              <TD class="title2" width="15%">접수일자</TD>
              <TD class="contant" width="28%">2022-06-03 15:05:00</TD>
            </TR>
          </TABLE>
        </TD>
      </TR>
    </TABLE>
    <TABLE style="margin-bottom:6px;" class="aproutertable" cellspacing="0" cellpadding="0" border="0" width="100%">
      <TR>
        <TD class="body">
          <TABLE style="height:40px;" class="aprinnertable" cellpadding="0" cellspacing="0" border="0" width="100%">
            <TR>
              <TD rowspan="2" class="title2" width="14%">신고자</TD>
              <TD class="title2" width="15%">성명</TD>
              <TD class="contant" width="28%">이민기</TD>
              <TD class="title2" width="15%">부서/본부</TD>
              <TD class="contant" width="28%">정보화추진실/기획조정본부</TD>
            </TR>
            <TR>
              <TD class="title2">직급</TD>
              <TD class="contant">선임행정원</TD>
              <TD class="title2">연락처</TD>
              <TD class="contant">041-5898-097</TD>
            </TR>
          </TABLE>
        </TD>
      </TR>
    </TABLE>
    <TABLE style="margin-bottom:6px; " class="aproutertable" cellspacing="0" cellpadding="0" border="0" width="100%">
      <TR>
        <TD class="body">
          <TABLE class="aprinnertable" cellpadding="0" cellspacing="0" border="0" width="100%">
            <TR style="height:40px;">
              <TD class="title2" width="14%">출장연계구분</TD>
              <TD colspan="4" class="contant" width="86%">
                <INPUT name="rdoTrip" type="radio" disabled="disabled" />
                국내출장
                <INPUT name="rdoTrip" type="radio" disabled="disabled" />
                근거리출장
                <INPUT name="rdoTrip" type="radio" disabled="disabled" />
                해외출장
                <INPUT name="rdoTrip" type="radio" checked="Y" />
                출장없음
              </TD>
            </TR>
            <TR style="height:40px;">
              <TD class="title2" width="14%">외부강의등 유형</TD>
              <TD colspan="4" class="contant" width="86%">
                <INPUT name="rdoReport" type="radio" checked="Y" />
                교육, 홍보, 토론회, 세미나, 공청회
                <BR />
                <INPUT name="rdoReport" type="radio" disabled="disabled" />
                회의
                <BR />
              </TD>
            </TR>
            <TR style="height:40px;">
              <TD class="title2">활동 유형</TD>
              <TD colspan="4" class="contant">
                <INPUT name="rdoActivity" type="radio" checked="Y" />
                강의, 강연
                <INPUT name="rdoActivity" type="radio" disabled="disabled" />
                발표, 토론, 심사, 평가, 자문, 의결
                <BR />
                <INPUT name="rdoActivity" type="radio" disabled="disabled" />
                기고
                <INPUT name="rdoActivity" type="radio" disabled="disabled" />
                기타
													()
                <BR />
              </TD>
            </TR>
            <TR style="height:20px;">
              <TD rowspan="2" class="title2" width="14%">요청자</TD>
              <TD class="title2" width="15%">기관명</TD>
              <TD class="contant" width="28%">테스트</TD>
              <TD class="title2" width="15%">대표자</TD>
              <TD class="contant" width="28%">테스트</TD>
            </TR>
            <TR style="height:20px;">
              <TD class="title2">담당부서(담당자)</TD>
              <TD class="contant">테스트</TD>
              <TD class="title2">연락처</TD>
              <TD class="contant">테스트</TD>
            </TR>
            <TR style="height:40px;">
              <TD class="title2">요청사유</TD>
              <TD colspan="4" class="contant">테스트</TD>
            </TR>
            <TR style="height:40px;">
              <TD class="title2">외부강의등 주제</TD>
              <TD colspan="4" class="contant">테스트</TD>
            </TR>
            <TR style="height:40px;">
              <TD class="title2">장소</TD>
              <TD colspan="4" class="contant">테스트</TD>
            </TR>
            <TR style="height:40px;">
              <TD class="title2">일시</TD>
              <TD colspan="4" class="contant">2022년 06월 03일 07시 00분 ~ 
										2022년 06월 03일 08시 00분
										(60 분)</TD>
            </TR>
            <TR style="height:40px;">
              <TD class="title2">사례금</TD>
              <TD colspan="4" class="contant">총액: 123원, 
										실비: 369원 별도.
										( 교통비: 123원
										, 숙박비: 123원
										, 식비: 123원 )</TD>
            </TR>
            <TR style="height:40px;">
              <TD class="title2">
                누적이력
                <BR />
                (금번신청포함)
              </TD>
              <TD colspan="4" class="contant">
                월간 1회/ 1.00시간
                <BR />
              </TD>
            </TR>
          </TABLE>
        </TD>
      </TR>
    </TABLE>
    <TABLE style="margin-bottom:6px;" class="aproutertable" cellspacing="0" cellpadding="0" border="0" width="100%">
      <TR>
        <TD class="body">
          <TABLE class="aprinnertable" width="100%">
            <TR>
              <TD class="title2" width="14%">첨부파일번호</TD>
              <TD class="title2" width="86%">첨부파일명</TD>
            </TR>
          </TABLE>
        </TD>
      </TR>
    </TABLE>
    <TABLE class="aproutertable" cellspacing="0" cellpadding="0" border="0" width="100%">
      <TR>
        <TD class="body">
          <TABLE class="aprinnertable" cellpadding="0" cellspacing="0" border="0" width="100%">
            <TR>
              <TD style="position:relative; width:100%; font-weight:bold; text-align:center;" class="title2">유 의 사 항</TD>
            </TR>
            <TR>
              <TD class="contant">
                <OL style="margin:0.5em;padding-left: 2em;">
                  <LI>요청사유에는 교육과정명, 회의명, 행사명 등을 기재함.</LI>
                  <LI>대가는 교통비, 숙박비, 식비를 제외한 금액을 기재하고 교통비, 숙박비, 식비는 별도 기재함.</LI>
                  <LI>법정기준을 초과한 사례금의 경우 청탁방지담당관에게 신고하고, 제공자에게 반환해야 하며 위반 시 징계나 과태료(최대 500만원이하)등 불이익을 받을 수 있음.</LI>
                </OL>
              </TD>
            </TR>
          </TABLE>
        </TD>
      </TR>
    </TABLE>
    <BR />
    <BR />
  </content>
  <title />
  <request />
  <response />
</data>

