<?xml version="1.0" encoding="UTF-8"?>
<data>
  <content>
    <DIV class="document_title">국내출장신청서</DIV>
    <SCRIPT language="javascript">function openFilePop (reqNo) {
						window.open("","confpool",'width=1095,height=385,top=150,left=250');
						var frm = createForm("popFrm", "confpool", "http://biz.kitech.re.kr/websquare/popup.html", "get");
						frm = createHidden("w2xPath", "/kitech/res/std/ResConfPoolReq.xml", frm);
						frm = createHidden("popupID", "confpool", frm);
						frm = createHidden("w2xHome", "/kitech/res/std/", frm);
						frm = createHidden("req_no", reqNo, frm);
						frm = createHidden("pop_mode", "Y", frm);
						document.body.appendChild(frm);
						frm.submit();
					}
					
					function createForm(nm, tg, act, met) {
						var cForm = document.createElement("form");
						cForm.name = nm;
						cForm.target = tg;
						cForm.action = act;
						cForm.method = met;
						
						return cForm;
					}
					
					function createHidden(nm, val, frm) {
						/*IE9, IE10, 크롬 등에서 호환성 보기 없이 실행되도록 보완(2013.07.29)*/
						var	hiddenInput	=	document.createElement("input");

						hiddenInput.setAttribute("type", "hidden");
						hiddenInput.setAttribute("name", nm);
						hiddenInput.setAttribute("value", val);
						frm.appendChild(hiddenInput);
						
						return frm;
					}</SCRIPT>
    <TABLE class="aproutertable" cellspacing="0" cellpadding="0" border="0" width="100%">
      <TR>
        <TD class="head">신청정보</TD>
      </TR>
      <TR>
        <TD class="body">
          <TABLE class="aprinnertable" cellpadding="0" cellspacing="0" border="0" width="100%">
            <TR>
              <TD class="title2">작성자</TD>
              <TD class="contant" width="20%">이민기
										(
										130576
										)</TD>
              <TD class="title2">소속</TD>
              <TD class="contant" width="20%">정보화추진실</TD>
              <TD class="title2">신청번호</TD>
              <TD class="contant" width="20%">C86202203603</TD>
            </TR>
          </TABLE>
        </TD>
      </TR>
    </TABLE>
    <TABLE class="aproutertable" width="100%">
      <TR>
        <TD class="head">출장자</TD>
      </TR>
      <TR>
        <TD class="body">
          <TABLE class="aprinnertable" width="100%">
            <TR>
              <TD class="title2">성명</TD>
              <TD class="contant" width="16%">이민기
										(
										130576
										)</TD>
              <TD class="title2">소속</TD>
              <TD class="contant" width="16%">정보화추진실</TD>
              <TD class="title2">직급구분</TD>
              <TD class="contant" width="16%">선임행정원
										/
										선임급</TD>
              <TD class="title2">직무대행</TD>
              <TD class="contant" width="16%">배소연
										(
										170701
										)</TD>
            </TR>
          </TABLE>
        </TD>
      </TR>
    </TABLE>
    <TABLE class="aproutertable" width="100%">
      <TR>
        <TD class="head">출장일정</TD>
      </TR>
      <TR>
        <TD class="body">
          <TABLE class="aprinnertable" width="100%">
            <TR>
              <TD class="title2" width="13%">출장일자</TD>
              <TD class="contant" width="37%">2022-06-07
										~
										2022-06-09　
										[
										2
										박
										3
										일 ]</TD>
              <TD class="title2" width="13%">출장비</TD>
              <TD class="contant" width="37%">출장비있음</TD>
            </TR>
            <TR>
              <TD class="title2" width="13%">출장목적</TD>
              <TD class="contant" colspan="3">(
										업무협의
										)
										테스트</TD>
            </TR>
            <TR>
              <TD class="title2" width="13%">출발지기준</TD>
              <TD class="contant" width="37%">근무지</TD>
              <TD class="title2" width="13%">차량사용</TD>
              <TD class="contant" width="37%">사용안함</TD>
            </TR>
            <TR>
              <TD class="title2" width="13%">방문처</TD>
              <TD class="contant" width="37%">테스트</TD>
              <TD class="title2" width="13%">운임구분</TD>
              <TD class="contant" width="37%">열차/버스 등</TD>
            </TR>
            <TR>
              <TD class="title2" width="13%">원내출장 여부</TD>
              <TD class="contant" width="37%">원내</TD>
              <TD class="title2" width="13%">정보기기 반출</TD>
              <TD class="contant" width="37%">() 노트북반출      
									    () 휴대용저장매체반출</TD>
            </TR>
          </TABLE>
        </TD>
      </TR>
    </TABLE>
    <TABLE class="aproutertable" width="100%">
      <TR>
        <TD class="head">출장경로</TD>
      </TR>
      <TR>
        <TD class="body">
          <TABLE class="aprinnertable" width="100%">
            <TR>
              <TD class="title">순번</TD>
              <TD class="title">출발지</TD>
              <TD class="title">도착지</TD>
              <TD class="title">비고</TD>
            </TR>
            <TR>
              <TD class="contant-center">1</TD>
              <TD class="contant-center">서울</TD>
              <TD class="contant-center">안산</TD>
              <TD class="contant">7400(서울→안산)</TD>
            </TR>
            <TR>
              <TD class="contant-center">2</TD>
              <TD class="contant-center">안산</TD>
              <TD class="contant-center">서울</TD>
              <TD class="contant">7400(안산→서울)</TD>
            </TR>
          </TABLE>
        </TD>
      </TR>
    </TABLE>
    <TABLE class="aproutertable" width="100%">
      <TR>
        <TD class="head">활동내역</TD>
      </TR>
      <TR>
        <TD class="body">
          <TABLE class="aprinnertable" width="100%">
            <TR>
              <TD class="title" width="8%">순번</TD>
              <TD class="title" width="15%">면담자</TD>
              <TD class="title" width="15%">면담자연락처</TD>
              <TD class="title" width="22%">방문기관</TD>
              <TD class="title" width="40%">활동내역</TD>
            </TR>
            <TR>
              <TD class="contant-center">1</TD>
              <TD class="contant-center">이재상</TD>
              <TD class="contant-center">010-3459-0014</TD>
              <TD class="contant">테스트</TD>
              <TD class="contant">테스트</TD>
            </TR>
          </TABLE>
        </TD>
      </TR>
    </TABLE>
    <TABLE class="aproutertable" width="100%">
      <TR>
        <TD class="head">출장경비</TD>
      </TR>
      <TR>
        <TD class="body">
          <TABLE class="aprinnertable" width="100%">
            <TR>
              <TD class="title" width="15%">구분</TD>
              <TD class="title" width="15%">금액</TD>
              <TD class="title" width="70%">비고</TD>
            </TR>
            <TR>
              <TD class="title2">운임</TD>
              <TD class="contant-right">14,800</TD>
              <TD class="contant" colspan="3">=( 7400(서울→안산) + 7400(안산→서울) ) X 1(명)</TD>
            </TR>
            <TR>
              <TD class="title2">현지교통비</TD>
              <TD class="contant-right">60,000</TD>
              <TD class="contant" colspan="3">= 20,000(일비) X 3(일) X 1(명)</TD>
            </TR>
            <TR>
              <TD class="title2">숙박비</TD>
              <TD class="contant-right">140,000</TD>
              <TD class="contant" colspan="3">※ 숙박비 정산 시 실비지급 (상한금액: 서울특별시 90,000원 / 광역시 80,000원 / 그 밖의 지역 70,000원)</TD>
            </TR>
            <TR>
              <TD class="title2">식비(카드0식)</TD>
              <TD class="contant-right">60,000</TD>
              <TD class="contant" colspan="3">= 20,000(식비) X 3(일) X 1명</TD>
            </TR>
            <TR>
              <TD class="title2">기타비용</TD>
              <TD class="contant-right">0</TD>
              <TD class="contant" colspan="3" />
            </TR>
            <TR>
              <TD class="title2">합계</TD>
              <TD class="contant-right">274,800</TD>
              <TD class="contant" colspan="3" />
            </TR>
          </TABLE>
        </TD>
      </TR>
    </TABLE>
    <TABLE class="aproutertable" width="100%">
      <TR>
        <TD class="head">계정내역</TD>
      </TR>
      <TR>
        <TD class="body">
          <TABLE class="aprinnertable" width="100%">
            <TR>
              <TD class="title">계정번호</TD>
              <TD class="title">계정명</TD>
              <TD class="title">비용코드</TD>
              <TD class="title">금액</TD>
              <TD class="title">계정책임자</TD>
            </TR>
            <TR>
              <TD class="contant-center" width="3%">DM220070</TD>
              <TD class="contant" width="15%">정보화추진실</TD>
              <TD class="contant-center" width="5%">국내출장</TD>
              <TD class="contant-right" width="13%" id="reqAmtabnormal">274,800</TD>
              <TD class="contant" width="13%">김기탁
										 	(050002)</TD>
            </TR>
          </TABLE>
        </TD>
      </TR>
    </TABLE>
    <TABLE class="aproutertable" width="100%">
      <TR>
        <TD class="body">
          <TABLE class="aprinnertable" width="100%">
            <TR>
              <TD class="title2">첨부파일</TD>
              <TD width="80%" class="contant" />
            </TR>
          </TABLE>
        </TD>
      </TR>
    </TABLE>
  </content>
  <title />
  <request />
  <response />
</data>

