<?xml version="1.0" encoding="UTF-8"?><body xmlns:LINS="http://www.inswave.com/LINS">
<table style="margin-bottom:20px;" class="aproutertable" cellspacing="0" cellpadding="0" border="0" width="100%">
<tr>
<td class="head">신청 정보</td>
</tr>
<tr>
<td class="body">
<table class="aprinnertable" cellspacing="0" cellpadding="0" border="0" width="100%">
<tr>
<td class="title2">신청자</td>
<td class="contant" width="35%">이민기</td>
<td class="title2">신청번호</td>
<td class="contant" width="35%">C98202201D2A</td>
</tr>
<tr>
<td class="title2">소속</td>
<td class="contant">정보화추진실</td>
<td class="title2">직급</td>
<td class="contant">선임행정원</td>
</tr>
<tr>
<td class="title2">신청기간</td>
<td class="contant">20220629
										~
										20220629</td>
<td class="title2">재택근무장소</td>
<td class="contant">
											자택
										</td>
</tr>
<tr>
<td class="title2">신청사유</td>
<td colspan="3" class="contant">111 테스트 결재 박병목 테테 첨부파일</td>
</tr>
<tr>
<td class="title2">첨부파일</td>
<td colspan="3" class="contant">
<a href="javascript:downloadForXsl('','XAA006')"/>
</td>
</tr>
</table>
</td>
</tr>
</table>
<iframe style="display:none" name="ifr"/>
</body>
